// Jest Snapshot v1, https://goo.gl/fbAQLP

exports[`test2 1`] = `
<div>
  <h1>Home Page</h1>
  <div>
    <h4>Post Data</h4>
    <article>
      <h5>测试title</h5>
      <div class="content">
        测试body
      </div>
    </article>
  </div>
</div>
`;
