// Jest Snapshot v1, https://goo.gl/fbAQLP

exports[`simple render 1`] = `
<div class="note-creator shadow-2">
  <form class="row">
    <input type="text" placeholder="Note Title" class="col-xs-10 title">
    <input type="text" placeholder="Note Content" class="col-xs-10">
    <div class="actions col-xs-12 row between-xs">
      <button type="submit" class="btn-light">Done</button>
    </div>
  </form>
</div>
`;
